yarn run v1.22.19
$ next build
  ▲ Next.js 14.2.0
  - Environments: .env.local
  - Experiments (use with caution):
    · optimizeCss
    · scrollRestoration

   Creating an optimized production build ...
 ✓ Compiled successfully
   Linting and checking validity of types ...
Failed to compile.

./src/components/ValuationInfoPanel.tsx:102:7
Type error: 'prevProps.result' is possibly 'undefined'.

[0m [90m 100 |[39m     [90m// Only re-render if result actually changed[39m[0m
[0m [90m 101 |[39m     [36mreturn[39m ([0m
[0m[31m[1m>[22m[39m[90m 102 |[39m       prevProps[33m.[39mresult[33m.[39mvaluation_id [33m===[39m nextProps[33m.[39mresult[33m.[39mvaluation_id [33m&&[39m[0m
[0m [90m     |[39m       [31m[1m^[22m[39m[0m
[0m [90m 103 |[39m       prevProps[33m.[39mresult[33m.[39minfo_tab_html [33m===[39m nextProps[33m.[39mresult[33m.[39minfo_tab_html[0m
[0m [90m 104 |[39m     )[0m
[0m [90m 105 |[39m   }[0m
error Command failed with exit code 1.
info Visit https://yarnpkg.com/en/docs/cli/run for documentation about this command.
